// Jest Snapshot v1, https://goo.gl/fbAQLP

exports[`Checkbox Component Tests CheckboxComponent Snapshot Test 1`] = `
<div
  className="blockFormFields"
>
  <input
    name="userTest"
    onChange={[Function]}
    type="checkbox"
  />
  <label
    for="test"
  >
    I acknowledge that this is only a test.
  </label>
</div>
`;
