// Jest Snapshot v1, https://goo.gl/fbAQLP

exports[`Textarea Component tests Shallow TextareComponent Snapshot 1`] = `
<div>
  <p>
    Describe why you are a good fit for the job you are applying for
  </p>
  <textarea
    cols="50"
    id="shortAnswer"
    onChange={[Function]}
    placeholder="Testing"
    required={true}
    rows="10"
  />
</div>
`;
