// Jest Snapshot v1, https://goo.gl/fbAQLP

exports[`Form Reducer Test Match Snapshot 1`] = `
Object {
  "firstName": "Travis",
  "lastName": "Rose",
  "userAddress": "123 Candycane Lane",
  "userCity": "North Pole",
  "userEmail": "annonymous@gmail.com",
  "userExperience": "Less than 1 year",
  "userJob": "Manager",
  "userShortAnswer": "",
  "userState": "Ice Caps",
  "userTechnologyExperience": Array [
    "css",
  ],
  "userTelephone": "808-029-0394",
  "userTest": "No",
  "userZipcode": "123987",
}
`;
