// Jest Snapshot v1, https://goo.gl/fbAQLP

exports[`App Component Unit Tests AppComponent Snapshot Test 1`] = `
<BrowserRouter>
  <Routes>
    <Route
      element={<Memo(Connect(JobForm)) />}
      path="/"
    />
    <Route
      element={<Memo(Connect(ApplicationResponse)) />}
      path="form"
    />
  </Routes>
</BrowserRouter>
`;
